2026-10-03T03:27:06: 
2026-10-03T03:27:06: Page 15 baris 27: AHMAD NARTAQI BIHI SYARIF
2026-10-03T03:27:06: Page 15 baris 28: ALISA KAYLA RAHMAN
2026-10-03T03:27:06: Page 15 baris 29: AYRA FAJRIYA NADHIFA
2026-10-03T03:27:06: Page 15 baris 30: AZQIYA NAJLA RAISSA
2026-10-03T03:27:06: Page 15 ter-push: 30 sukses, 0 gagal, 0 duplikat
2026-10-03T03:27:06: Page 16 baris 1: BERLIAN SULAIMAN MUHAMMAD
2026-10-03T03:27:06: Page 16 baris 2: DINDA DWI AMALIA
2026-10-03T03:27:06: Page 16 baris 3: FABIAN FAIRUZ HIDAYAT
2026-10-03T03:27:06: Page 16 baris 4: FADHLAN NUR RAMADHAN
2026-10-03T03:27:06: Page 16 baris 5: INAYATURROHMAN
2026-10-03T03:27:06: Page 16 baris 6: KENZIE ISYRAF NAYQUAMA
2026-10-03T03:27:06: Page 16 baris 7: KHAIRA HANA ARA'ACITA
2026-10-03T03:27:06: Page 16 baris 8: KHALILA GHIBRANIA BUDIMAN
2026-10-03T03:27:06: Page 16 baris 9: LIDYA ZAHRA
2026-10-03T03:27:06: Page 16 baris 10: MOHAMAD FARHAN KUSUMA
2026-10-03T03:27:06: Page 16 baris 11: MUHAMMAD MAHER ASH SHIDQI
2026-10-03T03:27:06: Page 16 baris 12: MUHAMMAD ZAKI MAULANA
2026-10-03T03:27:06: Page 16 baris 13: NABILA SAQINA KARLIANDRI
2026-10-03T03:27:06: Page 16 baris 14: NAJWA ALYA RAMADHANI
2026-10-03T03:27:06: Page 16 baris 15: NAUFA TSABITA
2026-10-03T03:27:06: Page 16 baris 16: NINA NUR IFTINAN
2026-10-03T03:27:06: Page 16 baris 17: NIZAR SATRIADI SOFYAN
2026-10-03T03:27:06: Page 16 baris 18: RATU AURA AZZAHRA
2026-10-03T03:27:06: Page 16 baris 19: RAYI ZHAFIR MARYADHIE AL BOGHORI
2026-10-03T03:27:06: Page 16 baris 20: SARAH HANIFAH ADHINUGRAHA
2026-10-03T03:27:06: Page 16 baris 21: SITI CHOIRUNISA
2026-10-03T03:27:06: Page 16 baris 22: SITI PUTRI SABRINA
2026-10-03T03:27:06: Page 16 baris 23: TAQIYA SYAKIRA
2026-10-03T03:27:06: Page 16 baris 24: TIANA KHAYLA NUR RAHMA
2026-10-03T03:27:06: Page 16 baris 25: TUBAGUS AKHDAN ALFARISI
2026-10-03T03:27:06: Page 16 baris 26: ZAINKA SYAHIDA
2026-10-03T03:27:06: Page 16 baris 27: ADRIANDRA AL-FATHRIZQ HANDOKO
2026-10-03T03:27:06: Page 16 baris 28: AHDA SYAMIL IRAWAN
2026-10-03T03:27:06: Page 16 baris 29: ATTIRMIDZI QUDNI NURHAEDI
2026-10-03T03:27:06: Page 16 baris 30: AZZAHRA ARIEL PUTRI SUTRISNO
2026-10-03T03:27:06: Page 16 ter-push: 30 sukses, 0 gagal, 0 duplikat
2026-10-03T03:27:06: Page 17 baris 1: BAGJA NAZHIRUL ASROFI SUDENI
2026-10-03T03:27:06: Page 17 baris 2: CINTA ALYANDRA PUTRI
2026-10-03T03:27:06: Page 17 baris 3: EMIR BAGJA DEVIANSYAH
2026-10-03T03:27:06: Page 17 baris 4: FEBRIAN DWI AULIA
2026-10-03T03:27:06: Page 17 baris 5: GHINA RACHMATUSSOLIHAH
2026-10-03T03:27:06: Page 17 baris 6: HAURA MUTTAKIA HAER
2026-10-03T03:27:06: Page 17 baris 7: INDRAJID NUR MUHAMAD
2026-10-03T03:27:06: Page 17 baris 8: JIHAN TAZQIYATUNNAILA
2026-10-03T03:27:06: Page 17 baris 9: JYIANUR ARRASY ZHAFIRA
2026-10-03T03:27:06: Page 17 baris 10: M AL FAHSHA MAULANA
2026-10-03T03:27:06: Page 17 baris 11: M DIKY FADHOLI
2026-10-03T03:27:06: Page 17 baris 12: MIKAYLA SALSABILLA
2026-10-03T03:27:06: Page 17 baris 13: MOCH. 'ABDAD MUHDHOR AL-MAHIB
2026-10-03T03:27:06: Page 17 baris 14: MUHAMAD GENTA PRATAMA
2026-10-03T03:27:06: Page 17 baris 15: MUHAMMAD ALMER JAMAIL
2026-10-03T03:27:06: Page 17 baris 16: MUHAMMAD AUFAR
2026-10-03T03:27:06: Page 17 baris 17: NAJWA KHAIRA RAMADHANI
2026-10-03T03:27:06: Page 17 baris 18: NAYLA SHAKIB
2026-10-03T03:27:06: Page 17 baris 19: NESHA AYUNDA SUTAWIJAYA
2026-10-03T03:27:06: Page 17 baris 20: OKTAVIANI MUHTAR
2026-10-03T03:27:06: Page 17 baris 21: RADISTY AULIA PUTRI
2026-10-03T03:27:06: Page 17 baris 22: RATU AQILA DEWI
2026-10-03T03:27:06: Page 17 baris 23: RISKI ADI SAPUTRA
2026-10-03T03:27:06: Page 17 baris 24: SAHIRA HANSA KHARMAIN
2026-10-03T03:27:06: Page 17 baris 25: SALMA NAZIHAH RIHADATUL AISYA
2026-10-03T03:27:06: Page 17 baris 26: SYARISYA AQUINA YUANNISA
2026-10-03T03:27:06: Page 17 baris 27: TB IFTIKAR DZUKHRUF
2026-10-03T03:27:06: Page 17 baris 28: TB. AMAR NADHIRAMURULLOH
2026-10-03T03:27:06: Page 17 baris 29: AHMAD BAIHAQI
2026-10-03T03:27:06: Page 17 baris 30: ALFHIL AZQIATUNUFUS
2026-10-03T03:27:06: Page 17 ter-push: 30 sukses, 0 gagal, 0 duplikat
2026-10-03T03:27:06: Page 18 baris 1: ALIVIA KHOIRUNNISA
2026-10-03T03:27:06: Page 18 baris 2: ALMAIRA YUMNA FARIHA
2026-10-03T03:27:06: Page 18 baris 3: ANATASYA USWATUN NISA
2026-10-03T03:27:06: Page 18 baris 4: ANGGITASARI
2026-10-03T03:27:06: Page 18 baris 5: ATHAR MALIK AFKARI
2026-10-03T03:27:06: Page 18 baris 6: AZZAHRA NOVITA AVARA
2026-10-03T03:27:06: Page 18 baris 7: AZZAM FAHREZA AL FATTAH
2026-10-03T03:27:06: Page 18 baris 8: CINTA PUTRI YUDEA
2026-10-03T03:27:06: Page 18 baris 9: Ega Mahir Rizqi Anugrah
2026-10-03T03:27:06: Page 18 baris 10: FAREZH KEANU MIKAIL
2026-10-03T03:27:06: Page 18 baris 11: GHINA RAMADHANI
2026-10-03T03:27:06: Page 18 baris 12: HAYATU ZAKIA NUFUS
2026-10-03T03:27:06: Page 18 baris 13: KIANDRA ANAIA FITRI
2026-10-03T03:27:06: Page 18 baris 14: M. ADHITYA SYAHPUTRA
2026-10-03T03:27:06: Page 18 baris 15: M. ZIDAN ALFAREZA FRIYATNA
2026-10-03T03:27:06: Page 18 baris 16: M.HERNANDES PUTRA
2026-10-03T03:27:06: Page 18 baris 17: MARCELLO RIZKY MAULANA
2026-10-03T03:27:06: Page 18 baris 18: MINDI NURAINI
2026-10-03T03:27:06: Page 18 baris 19: MOCHAMAD ARASHY AL BANTANI
2026-10-03T03:27:06: Page 18 baris 20: MOCHAMAD FAAIQ KHAIRIY KURNIA WIJAYA
2026-10-03T03:27:06: Page 18 baris 21: MUHAMAD IFTIKHOR PRATAMA
2026-10-03T03:27:06: Page 18 baris 22: MUHAMMAD BINTANG WIJAYA PRATAMA
2026-10-03T03:27:06: Page 18 baris 23: MUHAMMAD MAHARDIKA NADINDRA
2026-10-03T03:27:06: Page 18 baris 24: NAZAH LUTHFIAH SYEREN
2026-10-03T03:27:06: Page 18 baris 25: PUTRI MAULIDA AGIZNI
2026-10-03T03:27:06: Page 18 baris 26: RATU AYRA BAHYRA
2026-10-03T03:27:06: Page 18 baris 27: RAYA HARTATI HIDAYAT
2026-10-03T03:27:06: Page 18 baris 28: SALVA NANDIRA BAHTIAR
2026-10-03T03:27:06: Page 18 baris 29: SAPHIRA SALSA LARASATI
2026-10-03T03:27:06: Page 18 baris 30: SARAH ANGRAINI
2026-10-03T03:27:06: Page 18 ter-push: 30 sukses, 0 gagal, 0 duplikat
2026-10-03T03:27:06: Page 19 baris 1: ADELLIA FATMA
2026-10-03T03:27:06: Page 19 baris 2: AHMAD SYAHID RIZKI MUNAWAR
2026-10-03T03:27:06: Page 19 baris 3: ANINDHITA AVERA
2026-10-03T03:27:06: Page 19 baris 4: ANJELI NOVITA PUTTRI PRAMANA
2026-10-03T03:27:06: Page 19 baris 5: ANNISA ANGGRAENI AGUSTI SYAM
2026-10-03T03:27:06: Page 19 baris 6: ANNISA KHALILA NATHANIA
2026-10-03T03:27:06: Page 19 baris 7: APRILIA TANANI SYAKIRA
2026-10-03T03:27:06: Page 19 baris 8: DIKKA PUTRA HIDAYAT
2026-10-03T03:27:06: Page 19 baris 9: DIYANA ANGGITA
2026-10-03T03:27:06: Page 19 baris 10: ELIF ARDIANSAH SAPUTRA
2026-10-03T03:27:06: Page 19 baris 11: FANY RIZQI AULIA
2026-10-03T03:27:06: Page 19 baris 12: FAWWAZ FATHUL AZIZ
2026-10-03T03:27:06: Page 19 baris 13: GINA ASSYLA ANANTA
2026-10-03T03:27:06: Page 19 baris 14: GISNA AFIATUL HASANAH
2026-10-03T03:27:06: Page 19 baris 15: HAIKAL RAMZIE RAMADHAN
2026-10-03T03:27:06: Page 19 baris 16: HAMIZ ZAFAR AL FATIH
2026-10-03T03:27:06: Page 19 baris 17: ISTYA AIRA AYU NABILA
2026-10-03T03:27:06: Page 19 baris 18: JUNIA TIZA SUHERMAN
2026-10-03T03:27:06: Page 19 baris 19: M. ARLAN MAULIDAN ALFARIZI
2026-10-03T03:27:06: Page 19 baris 20: MOCHAMAD TAVIP AL FATIH
2026-10-03T03:27:06: Page 19 baris 21: MOURA KIRANI AZZAHRA
2026-10-03T03:27:06: Page 19 baris 22: MUHAMAD DIKA
2026-10-03T03:27:06: Page 19 baris 23: MUHAMAD NAFIS
2026-10-03T03:27:06: Page 19 baris 24: MUHAMAD NAUFAL RIZKY ROMADHON
2026-10-03T03:27:06: Page 19 baris 25: MUHAMAD REKSA DWI AL GHIFARI
2026-10-03T03:27:06: Page 19 baris 26: MUHAMAD RIDWAN KOMARUDIN
2026-10-03T03:27:06: Page 19 baris 27: PRASTA RAKA PUTRA PANDITA
2026-10-03T03:27:06: Page 19 baris 28: PUTRI AYU KHASANAH
2026-10-03T03:27:06: Page 19 baris 29: RATU AULIA NAFILAH AL-KHALIFI
2026-10-03T03:27:06: Page 19 baris 30: REVIOLA PUTRI HERMAWAN
2026-10-03T03:27:06: Page 19 ter-push: 30 sukses, 0 gagal, 0 duplikat
2026-10-03T03:27:06: Page 20 baris 1: YUYUN MAULIDA
2026-10-03T03:27:06: Page 20 baris 2: ZAHRA AINI
2026-10-03T03:27:06: Page 20 baris 3: AKHTAR AT TAWFIQ
2026-10-03T03:27:06: Page 20 baris 4: ALIF AL ZABARUDIN SYAH
2026-10-03T03:27:06: Page 20 baris 5: AQEELA NAMARA
2026-10-03T03:27:06: Page 20 baris 6: ARTHYA PISHASTI
2026-10-03T03:27:06: Page 20 baris 7: AYLA NAIRA WACHIDAH
2026-10-03T03:27:06: Page 20 baris 8: DZURROTUL FAKHIRAH
2026-10-03T03:27:06: Page 20 baris 9: FAZIAN ARIE ALZIDNY
2026-10-03T03:27:06: Page 20 baris 10: GINA ROUDHOTUL JANNAH
2026-10-03T03:27:06: Page 20 baris 11: HANI KHUMAIRATUNNISA
2026-10-03T03:27:06: Page 20 baris 12: KAYLA ABDILLAH
2026-10-03T03:27:06: Page 20 baris 13: M. FADLAN TELI SYAHPUTRA
2026-10-03T03:27:06: Page 20 baris 14: M. RAFA FATURAHMAN
2026-10-03T03:27:06: Page 20 baris 15: MUHAMAD FAISHAL AL FATTAH
2026-10-03T03:27:06: Page 20 baris 16: MUHAMAD FARIS
2026-10-03T03:27:06: Page 20 baris 17: MUHAMAD FARRAS ALQUZWAINI. S
2026-10-03T03:27:06: Page 20 baris 18: MUHAMMAD ADRIAN FABYAZ KADRI
2026-10-03T03:27:06: Page 20 baris 19: MUHAMMAD FARAZ HIDAYAT
2026-10-03T03:27:06: Page 20 baris 20: MUHAMMAD HADZIQ HAIDAR ARHAB
2026-10-03T03:27:06: Page 20 baris 21: NUR SABRINA ALYA TURMUDZI
2026-10-03T03:27:06: Page 20 baris 22: R. MUHAMMAD DARYL AL FAARIS
2026-10-03T03:27:06: Page 20 baris 23: RAFA ALMANSYAH
2026-10-03T03:27:06: Page 20 baris 24: RAINDRA LAPASHA KURNIAWAN
2026-10-03T03:27:06: Page 20 baris 25: RIDA KHOIRUNNISA
2026-10-03T03:27:06: Page 20 baris 26: RT MAULIDYA PERMATA AZIZ
2026-10-03T03:27:06: Page 20 baris 27: SARAH AROMAH KUSWANDI
2026-10-03T03:27:06: Page 20 baris 28: SELVI DEWI AZURA
2026-10-03T03:27:06: Page 20 baris 29: SHAKILA BATRISYA PERMONO
2026-10-03T03:27:06: Page 20 baris 30: SITI AINUN NAZILA
2026-10-03T03:27:06: Page 20 ter-push: 30 sukses, 0 gagal, 0 duplikat
2026-10-03T03:27:06: Page 21 baris 1: UMMUL KHAIR
2026-10-03T03:27:06: Page 21 baris 2: VIONA CALLYSTA CENA
2026-10-03T03:27:06: Page 21 baris 3: YUNIAR PINKAN SABILA
2026-10-03T03:27:06: Page 21 baris 4: ZAIDAN AL CAIRO RAHMAN
2026-10-03T03:27:06: Page 21 baris 5: AVIKAR ABIMANYU FUDHOLI
2026-10-03T03:27:06: Page 21 baris 6: AYRA NATHASYA FIRDAUS
2026-10-03T03:27:06: Page 21 baris 7: AYUNDA SYAKIRA YULIANI
2026-10-03T03:27:06: Page 21 baris 8: AZKIA ARSYIFA HIDAYAT
2026-10-03T03:27:06: Page 21 baris 9: BATRISYA DANESH
2026-10-03T03:27:06: Page 21 baris 10: DANU ERLANGGA
2026-10-03T03:27:06: Page 21 baris 11: EMILLY MOURA TWYLA
2026-10-03T03:27:06: Page 21 baris 12: FATHIN FUJI RASYIDA
2026-10-03T03:27:06: Page 21 baris 13: GIAN LUIGI RIZKY RAMADHAN
2026-10-03T03:27:06: Page 21 baris 14: HAYATUN NUPUS
2026-10-03T03:27:06: Page 21 baris 15: LATIFA AULIA PUTRI
2026-10-03T03:27:06: Page 21 baris 16: M DUDE AL-IKHSAN
2026-10-03T03:27:06: Page 21 baris 17: MUHAMAD ROBAN IZIDIN MAULANA
2026-10-03T03:27:06: Page 21 baris 18: MUHAMAD YUSUP HABIBIE
2026-10-03T03:27:06: Page 21 baris 19: MUHAMMAD KHOLID FIKRI
2026-10-03T03:27:06: Page 21 baris 20: MUHAMMAD NAJMAL FALAH
2026-10-03T03:27:06: Page 21 baris 21: MUHAMMAD YUSUFA HAKIMI
2026-10-03T03:27:06: Page 21 baris 22: NADIA GHEFIRA RAHMANIA
2026-10-03T03:27:06: Page 21 baris 23: PUTRI MAHESWARI
2026-10-03T03:27:06: Page 21 baris 24: QURROTA AINI NADILLA
2026-10-03T03:27:06: Page 21 baris 25: RAMA KARTAWIGUNA
2026-10-03T03:27:06: Page 21 baris 26: RIFA'UL HUSNA
2026-10-03T03:27:06: Page 21 baris 27: RIFQI FADILLAH
2026-10-03T03:27:06: Page 21 baris 28: RT. TSALITS MUTIA PUTRI
2026-10-03T03:27:06: Page 21 baris 29: SITI FAHIROTUNNISA
2026-10-03T03:27:06: Page 21 baris 30: SITI MAGHFIROH
2026-10-03T03:27:06: Page 21 ter-push: 30 sukses, 0 gagal, 0 duplikat
2026-10-03T03:27:06: Data siswa kosong di page 22 baris 1, retry...
2026-10-03T03:27:06: Page 22 baris 1: SITI NADIA FARHANA
2026-10-03T03:27:06: Page 22 baris 2: TB. MUHAMAD ZAKY GHUFRON
2026-10-03T03:27:06: Page 22 baris 3: TIA AMELIA
2026-10-03T03:27:06: Page 22 baris 4: ULAN ANGGRAENI
2026-10-03T03:27:06: Page 22 baris 5: ZAFAR FADLAN
2026-10-03T03:27:06: Page 22 baris 6: ZAIDAN CHESTRA KAUTSAR
2026-10-03T03:27:06: Page 22 baris 7: AFIFA HUMAIRA
2026-10-03T03:27:06: Page 22 baris 8: AHMAD NIZAM MILLATENA
2026-10-03T03:27:06: Page 22 baris 9: ALVINA DAMAYANTI
2026-10-03T03:27:06: Page 22 baris 10: ALYA AULIYA
2026-10-03T03:27:06: Page 22 baris 11: AMANDA APRIYANTI
2026-10-03T03:27:06: Page 22 baris 12: ARGA AYSAR PUTRA
2026-10-03T03:27:06: Page 22 baris 13: AZKIA MAIMATUL RIZKI
2026-10-03T03:27:06: Page 22 baris 14: AZNURIL REINATA PUTRI
2026-10-03T03:27:06: Page 22 baris 15: ERVINA DWI RAJMI
2026-10-03T03:27:06: Page 22 baris 16: FARIZA RAISA RAFANIA
2026-10-03T03:27:06: Page 22 baris 17: FAUZAN ANGGORO PUTRA
2026-10-03T03:27:06: Page 22 baris 18: ILZAM MUQOFFA
2026-10-03T03:40:22: 
2026-10-03T03:40:22: Page 22 baris 20: KEANO ATHAR AL FARABIE
2026-10-03T03:40:22: Page 22 baris 21: KEYSA KHOIRUNNISA
2026-10-03T03:40:22: Page 22 baris 22: M. ZIDAN ALGHIFARI
2026-10-03T03:40:22: Page 22 baris 23: MARVEL ARISTA SUKMAWAN BAAQII
2026-10-03T03:40:22: Page 22 baris 24: MUHAMAD DZAKI NURFIKRI
2026-10-03T03:40:22: Page 22 baris 25: MUHAMAD NAFIS IMRON
2026-10-03T03:40:22: Page 22 baris 26: MUHAMMAD FALDANI FIRLO ALFARIZ
2026-10-03T03:40:22: Page 22 baris 27: NADZHIVA ALMAHIRA ARIANDI
2026-10-03T03:40:22: Page 22 baris 28: NAFIZA QYARA HARYADI
2026-10-03T03:40:22: Page 22 baris 29: NAMARA AULIA
2026-10-03T03:40:22: Page 22 baris 30: QONITA SYAKIRAH
2026-10-03T03:40:22: Page 22 ter-push: 30 sukses, 0 gagal, 0 duplikat
2026-10-03T03:40:22: Page 23 baris 1: RAHMA HAFIDHA AULANI
2026-10-03T03:40:22: Page 23 baris 2: RATU PUTRI SARI
2026-10-03T03:40:22: Page 23 baris 3: RISKA SYAFITRI KHAIRANI
2026-10-03T03:40:22: Page 23 baris 4: SISKA WULANDARI
2026-10-03T03:40:22: Page 23 baris 5: SITI AVIVATUL MALIYAH
2026-10-03T03:40:22: Page 23 baris 6: SITI SYIFA OKTAVIA
2026-10-03T03:40:22: Page 23 baris 7: TB. FATHIR FATURROHMAN
2026-10-03T03:40:22: Page 23 baris 8: TUANISA AWALIA
2026-10-03T03:40:22: Page 23 baris 9: ALTAF FATIH RAYYAN
2026-10-03T03:40:22: Page 23 baris 10: ANNISA RAHMA DIANA
2026-10-03T03:40:22: Page 23 baris 11: AQILA AZKAYRA BANAFSHA
2026-10-03T03:40:22: Page 23 baris 12: AZAHRA SALSABILA NASRUDIN
2026-10-03T03:40:22: Page 23 baris 13: BILQIS AZALIA FATHINAH
2026-10-03T03:40:22: Page 23 baris 14: DAMAI YANTI KHULAIFAH
2026-10-03T03:40:22: Page 23 baris 15: DENIA KIRANA
2026-10-03T03:40:22: Page 23 baris 16: FAHIRA HAZWA AZYAN
2026-10-03T03:40:22: Page 23 baris 17: FIDELYA DZIHNI PRATOMO
2026-10-03T03:40:22: Page 23 baris 18: HANI HALIMATHU SA'DIAH
2026-10-03T03:40:22: Page 23 baris 19: HASNA AMALIA
2026-10-03T03:40:22: Page 23 baris 20: KAYLA ASYIFA AL AZIZU MUSTIKA SARI
2026-10-03T03:40:22: Page 23 baris 21: M. DIRLY RAJIV ROSYIDIN
2026-10-03T03:40:22: Page 23 baris 22: M. RIZA SUHENDAR
2026-10-03T03:40:22: Page 23 baris 23: MOHAMAD FATURAHMAN SIDIQ
2026-10-03T03:40:22: Page 23 baris 24: MUHAMAD GIYOALFARIZ
2026-10-03T03:40:22: Page 23 baris 25: MUHAMAD YUSUF IBRAHIM
2026-10-03T03:40:22: Page 23 baris 26: MUHAMMAD EL GHAZALY
2026-10-03T03:40:22: Page 23 baris 27: MUHAMMAD FADHLI AKMAL
2026-10-03T03:40:22: Page 23 baris 28: MUHAMMAD RIZIE ROHIEMAUZ
2026-10-03T03:40:22: Page 23 baris 29: NADILA MELIANI PUTRI
2026-10-03T03:40:22: Page 23 baris 30: RATU SITI AISYAH AQILAH
2026-10-03T03:40:22: Page 23 ter-push: 30 sukses, 0 gagal, 0 duplikat
2026-10-03T03:40:22: Page 24 baris 1: RAYHAN
2026-10-03T03:40:22: Page 24 baris 2: RE. AZKA ILHAM PRATAMA
2026-10-03T03:40:22: Page 24 baris 3: RIZKY LANGIT RAMADHAN
2026-10-03T03:40:22: Page 24 baris 4: RT. NENDEN SHOFWATUL AL MADANI
2026-10-03T03:40:22: Page 24 baris 5: SALSABILA MUTIARA SUNNI
2026-10-03T03:40:22: Page 24 baris 6: SITI ROSDIANI
2026-10-03T03:40:22: Page 24 baris 7: SITI RUBBY ANINDITA KURNIAWAN
2026-10-03T03:40:22: Page 24 baris 8: SYAFIRAREKA MAULIDA
2026-10-03T03:40:22: Page 24 baris 9: TIFFANY AZAHRA
2026-10-03T03:40:22: Page 24 baris 10: ZAHRA OKTAVIANI BASRI
2026-10-03T03:40:22: Page 24 baris 11: ANNISA FAUZIA
2026-10-03T03:40:22: Page 24 baris 12: AULIA NAZLA ANDINASARI
2026-10-03T03:40:22: Page 24 baris 13: AZKA AZALIAH ROMDANI
2026-10-03T03:40:22: Page 24 baris 14: AZKA IZZATUL ARIFIN
2026-10-03T03:40:22: Page 24 baris 15: DZUBYAN HISYAM RAMADHAN
2026-10-03T03:40:22: Page 24 baris 16: JIBRAN LANGIT ARRASY
2026-10-03T03:40:22: Page 24 baris 17: KAYANA DIVA DHIYA MAHIRA
2026-10-03T03:40:22: Page 24 baris 18: KYANDRA HAMAM NAZHMI
2026-10-03T03:40:22: Page 24 baris 19: LAILATUL BADRIAH
2026-10-03T03:40:22: Page 24 baris 20: LILI JANATIN AZRIRA
2026-10-03T03:40:22: Page 24 baris 21: MALIKI AKBAR RAHARJO
2026-10-03T03:40:22: Page 24 baris 22: MOCH ARBI GANI AKBAR
2026-10-03T03:40:22: Page 24 baris 23: MOHAMMAD AZZAM FEBRIANA
2026-10-03T03:40:22: Page 24 baris 24: MUHAMAD AZZAM RAFARDHAN ATHALLA
2026-10-03T03:40:22: Page 24 baris 25: MUHAMMAD ARIQ AL FAKHRI
2026-10-03T03:40:22: Page 24 baris 26: MUHAMMAD KAFFAH ARIZIK
2026-10-03T03:40:22: Page 24 baris 27: MUHAMMAD MALLIK AL-BARRU SIREGAR
2026-10-03T03:40:22: Page 24 baris 28: NADILLA AL MISQI
2026-10-03T03:40:22: Page 24 baris 29: NAYLATU SA'ADAH
2026-10-03T03:40:22: Page 24 baris 30: PRABU YUDHISTIRA AL-ISLAMI
2026-10-03T03:40:22: Page 24 ter-push: 30 sukses, 0 gagal, 0 duplikat
2026-10-03T03:40:22: Page 25 baris 1: RAIHANA NUR MAULIDA MUSTAFA KAMAL
2026-10-03T03:40:22: Page 25 baris 2: RATU NAFAHAT ROHMANIAH
2026-10-03T03:40:22: Page 25 baris 3: REISYA SALVIA ARTANTI
2026-10-03T03:40:22: Page 25 baris 4: REIZAN RENGGA ALFATIH
2026-10-03T03:40:22: Page 25 baris 5: RIVALDY JUNIOR AL FATH
2026-10-03T03:40:22: Page 25 baris 6: RIZKY ADHITYA RAMADHAN
2026-10-03T03:40:22: Page 25 baris 7: SHOFIYATUN NISA
2026-10-03T03:40:22: Page 25 baris 8: VIOLLIETTA INTANIA MAULIDA
2026-10-03T03:40:22: Page 25 baris 9: YASMIN DWI RAMADANI
2026-10-03T03:40:22: Page 25 baris 10: YASMINE AMANDADITA FIRMANSYAH
2026-10-03T03:40:22: Page 25 baris 11: ZAHWA AININDYA ZURKONI
2026-10-03T03:40:22: Page 25 baris 12: AHWAZ JIHAD RAMADHAN
2026-10-03T03:40:22: Page 25 baris 13: ALBAR AL-MANSUR
2026-10-03T03:40:22: Page 25 baris 14: ALENA NADZIFATURIZQIA
2026-10-03T03:40:22: Page 25 baris 15: ALFI NURSALSABILA
2026-10-03T03:40:22: Page 25 baris 16: ALIYAH ARUM MUFIDAH
2026-10-03T03:40:22: Page 25 baris 17: ANINDYA RIFAT JABAL HERDIYANSAH
2026-10-03T03:40:22: Page 25 baris 18: ASYA NAILA SHOFIA
2026-10-03T03:40:22: Page 25 baris 19: CAHYA SABILLAH
2026-10-03T03:40:22: Page 25 baris 20: IMTIYAAZ AZZAHRA BAEHAKI
2026-10-03T03:40:22: Page 25 baris 21: KEYSHA FEBRIANI
2026-10-03T03:40:22: Page 25 baris 22: KHANZA AQILA FAIRUZ
2026-10-03T03:40:22: Page 25 baris 23: KHUMAIRA NURAHMANIA
2026-10-03T03:40:22: Page 25 baris 24: LANGGENG SUKMA JELITA
2026-10-03T03:40:22: Page 25 baris 25: LAURIA MARLINA DINATA
2026-10-03T03:40:22: Page 25 baris 26: M. RADEN GILANG SAMPOERNA
2026-10-03T03:40:22: Page 25 baris 27: MAGNOLIA LOVINA MARYAM
2026-10-03T03:40:22: Page 25 baris 28: MOCH. ALVITO GIFFARY RAMADHANIS
2026-10-03T03:40:22: Page 25 baris 29: MOHAMAD MIFTAHUL HIDAYAT
2026-10-03T03:40:22: Page 25 baris 30: MUHAMAD FARZAN CAHYADI
2026-10-03T03:40:22: Page 25 ter-push: 30 sukses, 0 gagal, 0 duplikat
2026-10-03T03:40:22: Page 26 baris 1: MUHAMMAD AIMAN DHIAURRAHMAN
2026-10-03T03:40:22: Page 26 baris 2: MUHAMMAD HAIKAL ALFARIZQY
2026-10-03T03:40:22: Page 26 baris 3: NAJMI ZAHROTUSIFA
2026-10-03T03:40:22: Page 26 baris 4: NEZZALUNA PUTRI
2026-10-03T03:40:22: Page 26 baris 5: NURUL AFRIYANI
2026-10-03T03:40:22: Page 26 baris 6: RAIDA FAKHIRA
2026-10-03T03:40:22: Page 26 baris 7: RAISA FAKHIRA ALI
2026-10-03T03:40:22: Page 26 baris 8: RAISA MULIA HASAN
2026-10-03T03:40:22: Page 26 baris 9: RESWA ZAFIRAH
2026-10-03T03:40:22: Page 26 baris 10: SAHILA RAIHANAH ATHAYA
2026-10-03T03:40:22: Page 26 baris 11: SITI HERLINA MAULIDINA
2026-10-03T03:40:22: Page 26 baris 12: TB. RIFAT ULUL AZMI SOFYAN
2026-10-03T03:40:22: Page 26 baris 13: YUDA ZAQHGITA ARIFIN
2026-10-03T03:40:22: Page 26 baris 14: ADELIA NOER SABRINA
2026-10-03T03:40:22: Page 26 baris 15: AGITA PUTRA GUNAWAN
2026-10-03T03:40:22: Page 26 baris 16: ALYA FADHILATUN NISA
2026-10-03T03:40:22: Page 26 baris 17: ATHIFA DAVINA NAJMINA
2026-10-03T03:40:22: Page 26 baris 18: AURA APRILIANI
2026-10-03T03:40:22: Page 26 baris 19: DINA AMALIA
2026-10-03T03:40:22: Page 26 baris 20: FAIRUZ MEIDINA KAMIL
2026-10-03T03:40:22: Page 26 baris 21: GHAISAN DZAKWAN RIZQI
2026-10-03T03:40:22: Page 26 baris 22: IBNU KAMIL BAIHAQI
2026-10-03T03:40:22: Page 26 baris 23: JIHAN ASYIFA YUGAIRU
2026-10-03T03:40:22: Page 26 baris 24: JOVANKA SOLINDRYA QUEEN
2026-10-03T03:40:22: Page 26 baris 25: KAYLA HASSYIFATU HAIFA
2026-10-03T03:40:22: Page 26 baris 26: M. FAHRI ALBASIT
2026-10-03T03:40:22: Page 26 baris 27: MAURA PUTRI ERWANTY
2026-10-03T03:40:22: Page 26 baris 28: MOH. ZIMAN DZIKRI
2026-10-03T03:40:22: Page 26 baris 29: MOHAMMAD KEISHA RAIHAN
2026-10-03T03:40:22: Page 26 baris 30: MUHAMMAD ALFATH AN NABAWI
2026-10-03T03:40:22: Page 26 ter-push: 30 sukses, 0 gagal, 0 duplikat
2026-10-03T03:40:22: Page 27 baris 1: MUHAMMAD HUDA HUDZAIFAH
2026-10-03T03:40:22: Page 27 baris 2: NADA AFIKAH HERAWATI
2026-10-03T03:40:22: Page 27 baris 3: NATASYA ANGGRAENI
2026-10-03T03:40:22: Page 27 baris 4: OASE AL - GHIFARI
2026-10-03T03:40:22: Page 27 baris 5: RADITYA DWI ASTAMA
2026-10-03T03:40:22: Page 27 baris 6: RAFARDHAN ROSYANDI PUTRA
2026-10-03T03:40:22: Page 27 baris 7: RAFFY AZZAMY FIRZATULLAH
2026-10-03T03:40:22: Page 27 baris 8: RATU AQILLAH FAHRABIYA
2026-10-03T03:40:22: Page 27 baris 9: SITI AFIFATUNNISA RAMADHANI
2026-10-03T03:40:22: Page 27 baris 10: SITI ASYIFA SETIAWANTI
2026-10-03T03:40:22: Page 27 baris 11: SITI HAURA KHANSA
2026-10-03T03:40:22: Page 27 baris 12: TAURISFI RIZKI PRATAMA
2026-10-03T03:40:22: Page 27 baris 13: YASMIN SYIFA KARIMA
2026-10-03T03:40:22: Page 27 baris 14: ZAHRATUL AINI
2026-10-03T03:40:22: Page 27 baris 15: ZHAFIF FADLILLAH ASYARI
2026-10-03T03:40:22: Page 27 baris 16: ADINDA PRISTIA RAMADHANI
2026-10-03T03:40:22: Page 27 baris 17: AHMAD MUNTASAR AL FATHAN
2026-10-03T03:40:22: Page 27 baris 18: AULIA FATIMAH AZAHRA PERMANA
2026-10-03T03:40:22: Page 27 baris 19: AWALUDIN IBNU ILMIWAN
2026-10-03T03:40:22: Page 27 baris 20: AYESHA FITARI HUMAIRA
2026-10-03T03:40:22: Page 27 baris 21: AZKIA NUR AZIZAH
2026-10-03T03:40:22: Page 27 baris 22: CALLISTA DWI DAMAYANTI
2026-10-03T03:40:22: Page 27 baris 23: CAREL SEPTRI DIARA
2026-10-03T03:40:22: Page 27 baris 24: DAFA KHAIRAN ARYAGUNA
2026-10-03T03:40:22: Page 27 baris 25: DAFFA DALIL FADHIL
2026-10-03T03:40:22: Page 27 baris 26: DWI LUNA OKTAVIA
2026-10-03T03:40:22: Page 27 baris 27: FAKHIRA SELVANI
2026-10-03T03:40:22: Page 27 baris 28: FARHAT'AMMAR MUMTAZ
2026-10-03T03:40:22: Page 27 baris 29: FARID RIZA ABDILLAH GUNAWAN
2026-10-03T03:40:22: Page 27 baris 30: HAIKAL KAMIL TRIANA
2026-10-03T03:40:22: Page 27 ter-push: 30 sukses, 0 gagal, 0 duplikat
2026-10-03T03:40:22: Page 28 baris 1: HANA NAILA VERYANTO
2026-10-03T03:40:22: Page 28 baris 2: LUKMAN SEPTIAN
2026-10-03T03:40:22: Page 28 baris 3: LUTHFY FATHUL A'DZHIM
2026-10-03T03:40:22: Page 28 baris 4: M. YUSRIL NAZRUL HAKIM
2026-10-03T03:40:22: Page 28 baris 5: MAULANA ZIKRI
2026-10-03T03:40:22: Page 28 baris 6: MIKALIA QISTIWA
2026-10-03T03:40:22: Page 28 baris 7: MUHAMAD HARLI FARENDRA
2026-10-03T03:40:22: Page 28 baris 8: MUSHLIH FAWWAZ IBRAHIM A
2026-10-03T03:40:22: Page 28 baris 9: NAJLA SABILA MAULIDA
2026-10-03T03:40:22: Page 28 baris 10: NANDA ANUGRAH GONIUN WALINDA
2026-10-03T03:40:22: Page 28 baris 11: RATU FIRLIANA RAMADHANI
2026-10-03T03:40:22: Page 28 baris 12: RHADHAR RAYYA RABBANI
2026-10-03T03:40:22: Page 28 baris 13: RISSA RAMADHANI
2026-10-03T03:40:22: Page 28 baris 14: SALWA ARINA KHAIRUNNISA
2026-10-03T03:40:22: Page 28 baris 15: SITI QUROTA'AINI
2026-10-03T03:40:22: Page 28 baris 16: SYAFIRA AULIA NAFSYI
2026-10-03T03:40:22: Page 28 baris 17: ABELIA DWISAFITRI RAMADHANI
2026-10-03T03:40:22: Page 28 baris 18: ABIAN AL ZALFA
2026-10-03T03:40:22: Page 28 baris 19: ALEA PUTRI ARINI OKTAVIA
2026-10-03T03:40:22: Page 28 baris 20: ANDINI MASARI
2026-10-03T03:40:22: Page 28 baris 21: APRIEL YUMNA FARIHA
2026-10-03T03:40:22: Page 28 baris 22: AYIMAS NINDIA PUTRI
2026-10-03T03:40:22: Page 28 baris 23: DANENDRA PRIYA NATHAN
2026-10-03T03:40:22: Page 28 baris 24: DZAOMI MULKI HAKIM
2026-10-03T03:40:22: Page 28 baris 25: FARAH AUFA KAMILAH
2026-10-03T03:40:22: Page 28 baris 26: GINA AVIATUR RAMADHAN
2026-10-03T03:40:22: Page 28 baris 27: JIHAN ZAHIRA AZHAR
2026-10-03T03:40:22: Page 28 baris 28: KINARA AULIYA RAMADHANI
2026-10-03T03:40:22: Page 28 baris 29: LATIF ALFARIZ
2026-10-03T03:40:22: Page 28 baris 30: M AZKA NURLIAWAN
2026-10-03T03:40:22: Page 28 ter-push: 30 sukses, 0 gagal, 0 duplikat
2026-10-03T03:40:22: Page 29 baris 1: M. DZIKRI FEBRIAN KAMIL
2026-10-03T03:40:22: Page 29 baris 2: M. FADLAN AL-MUBAROK
2026-10-03T03:40:22: Page 29 baris 3: M. FARHAN ISMATULLOH
2026-10-03T03:40:22: Page 29 baris 4: MEISYA NAURA PERMADI
2026-10-03T03:40:22: Page 29 baris 5: MUHAMAD DAFFA HAIDAR AR RIZKY
2026-10-03T03:40:22: Page 29 baris 6: MUHAMMAD ABDUL RASYID
2026-10-03T03:40:22: Page 29 baris 7: MUHAMMAD FAJAR RISKY
2026-10-03T03:40:22: Page 29 baris 8: NADHIRA ALIYA NATASYA
2026-10-03T03:40:22: Page 29 baris 9: NENG ASIH ELIYANA
2026-10-03T03:40:22: Page 29 baris 10: NOVI APRILIANI
2026-10-03T03:49:09: 
2026-10-03T03:49:09: Page 29 baris 12: REFAN ALPIANA
2026-10-03T03:49:09: Page 29 baris 13: RIJAL TUMENGGUNG KARIM
2026-10-03T03:49:09: Page 29 baris 14: SADIYA LOVELY DESTIN ZYOSO
2026-10-03T03:49:09: Page 29 baris 15: SILVIA KURNIA
2026-10-03T03:49:09: Page 29 baris 16: SITI FADILAH MAULIDA
2026-10-03T03:49:09: Page 29 baris 17: SITI NUR INAYAH
2026-10-03T03:49:09: Page 29 baris 18: TURMUDI
2026-10-03T03:49:09: Page 29 baris 19: AFNAN SIYAJUL ALAM
2026-10-03T03:49:09: Page 29 baris 20: AGNES ANINDITA PUTRI
2026-10-03T03:49:09: Page 29 baris 21: ALDI PIRMANSYAH
2026-10-03T03:49:09: Page 29 baris 22: AYU RAISHA SALSABILA
2026-10-03T03:49:09: Page 29 baris 23: AZKA IBNUL AL-MUBAROK
2026-10-03T03:49:09: Page 29 baris 24: AZRIL MADYAN AL FURQON
2026-10-03T03:49:09: Page 29 baris 25: BILAL APRIAN
2026-10-03T03:49:09: Page 29 baris 26: DAFFAH AULIA ZHAAFIRAH
2026-10-03T03:49:09: Page 29 baris 27: DAFIYA FAYQA PARSA
2026-10-03T03:49:09: Page 29 baris 28: DARA AYU PRATAMI
2026-10-03T03:49:09: Page 29 baris 29: ENTOL ALEXANDER AHFAD ZIKRA
2026-10-03T03:49:09: Page 29 baris 30: KAKA KAUTSAR YUSUF
2026-10-03T03:49:09: Page 29 ter-push: 30 sukses, 0 gagal, 0 duplikat
2026-10-03T03:49:09: Page 30 baris 1: KHANSA NUR AZMINA
2026-10-03T03:49:09: Page 30 baris 2: M. FADHIL SIROJUL WAHAJ
2026-10-03T03:49:09: Page 30 baris 3: M. JAZULI SUFIAN
2026-10-03T03:49:09: Page 30 baris 4: MIA RISMAYANTI
2026-10-03T03:49:09: Page 30 baris 5: MUHAMAD IQBAL NAJIYUDDIN
2026-10-03T03:49:09: Page 30 baris 6: MUHAMMAD FATTAH ALGHAZI
2026-10-03T03:49:09: Page 30 baris 7: MUHAMMAD ZAHRAN ZUFAR MUZHAFFAR
2026-10-03T03:49:09: Page 30 baris 8: NABILATUL ULYA
2026-10-03T03:49:09: Page 30 baris 9: NAILA
2026-10-03T03:49:09: Page 30 baris 10: NENG KHUSNUL KHOTIMAH
2026-10-03T03:49:09: Page 30 baris 11: NURLAILA KAMAL
2026-10-03T03:49:09: Page 30 baris 12: PUTRI AQILA RAMADHANI
2026-10-03T03:49:09: Page 30 baris 13: QIRA FIKRA AVIFA
2026-10-03T03:49:09: Page 30 baris 14: SHAFIRA KHOIRUNISA
2026-10-03T03:49:09: Page 30 baris 15: SITI AQILAH
2026-10-03T03:49:09: Page 30 baris 16: SITI ROFIFAH
2026-10-03T03:49:09: Page 30 baris 17: TB. IHSAN ANWARUDIN
2026-10-03T03:49:09: Page 30 baris 18: ZIDNI AZIZAH ZAEIN
2026-10-03T03:49:09: Page 30 baris 19: A. MAHARDIKA RAMDHAN
2026-10-03T03:49:09: Page 30 baris 20: Adzhan Maziyya Azeema
2026-10-03T03:49:09: Page 30 baris 21: ALAESYA MEITRI UKRIANA
2026-10-03T03:49:09: Page 30 baris 22: ALFIAN FASAH HERDIANA
2026-10-03T03:49:09: Page 30 baris 23: AMANDA LATHIFAH
2026-10-03T03:49:09: Page 30 baris 24: AULIA SYARAH
2026-10-03T03:49:09: Page 30 baris 25: BEBY AULIA RAHMAH
2026-10-03T03:49:09: Page 30 baris 26: EPRI MULYA PUTRA
2026-10-03T03:49:09: Page 30 baris 27: FARHAT ALFATIH
2026-10-03T03:49:09: Page 30 baris 28: GHEA INDANA ZULFA
2026-10-03T03:49:09: Page 30 baris 29: HANS ADLI
2026-10-03T03:49:09: Page 30 baris 30: HAURA ZAHRA PERMASANDI
2026-10-03T03:49:09: Page 30 ter-push: 30 sukses, 0 gagal, 0 duplikat
2026-10-03T03:49:09: Page 31 baris 1: IBNU FAUZI
2026-10-03T03:49:09: Page 31 baris 2: ITSQIYA DZIL MAALIKA TANJUNG
2026-10-03T03:49:09: Page 31 baris 3: KHAIQILLAH AZHAAIRIN RAMADHANTI
2026-10-03T03:49:09: Page 31 baris 4: LUTFIANA ANNUR
2026-10-03T03:49:09: Page 31 baris 5: MOHAMAD RAFQI FADILAH
2026-10-03T03:49:09: Page 31 baris 6: MUHAMAD RAMADAN RIFIANDI
2026-10-03T03:49:09: Page 31 baris 7: MUHAMAD UNO RAHABIANSYAH
2026-10-03T03:49:09: Page 31 baris 8: MUHAMAD ZAQI TAZKIYUNNUFUS
2026-10-03T03:49:09: Page 31 baris 9: NAILA NURFADILAH
2026-10-03T03:49:09: Page 31 baris 10: NAIRA PUTRI KUSUMAH
2026-10-03T03:49:09: Page 31 baris 11: NAZWA AULIA PUTRI
2026-10-03T03:49:09: Page 31 baris 12: PUTRI YANA NABILAH
2026-10-03T03:49:09: Page 31 baris 13: RAFLY KURNIYAWAN
2026-10-03T03:49:09: Page 31 baris 14: SABRINA MALAHAYATI FIRDAUS
2026-10-03T03:49:09: Page 31 baris 15: SITI NUR AFIPAH
2026-10-03T03:49:09: Page 31 baris 16: YUANITA AMARA
2026-10-03T03:49:09: Page 31 baris 17: ZAKIANU PUTRA BUDIMAN
2026-10-03T03:49:09: Page 31 baris 18: ZIHAN FATINA BUHORI
2026-10-03T03:49:09: Page 31 baris 19: AINUN FAJRILAH
2026-10-03T03:49:09: Page 31 baris 20: ALIFIANDRA HANIF PANGESTU
2026-10-03T03:49:09: Page 31 baris 21: ALINA NUR AZKIA
2026-10-03T03:49:09: Page 31 baris 22: ALIYA ASSYIFA HIDAYAT
2026-10-03T03:49:09: Page 31 baris 23: ARYA JULIANSYAH
2026-10-03T03:49:09: Page 31 baris 24: ATALLAH ALVARO GHAISSAN MANDAYA
2026-10-03T03:49:09: Page 31 baris 25: ATHIFA DEFALIA AZIZ
2026-10-03T03:49:09: Page 31 baris 26: DILA AULIANINGSIH
2026-10-03T03:49:09: Page 31 baris 27: FATIHATUL RIZKIA
2026-10-03T03:49:09: Page 31 baris 28: HANI HANIFA
2026-10-03T03:49:09: Page 31 baris 29: HOLDA HANAT NURQADA
2026-10-03T03:49:09: Page 31 baris 30: KAFKA MUHAMMAD KHARIZA
2026-10-03T03:49:09: Page 31 ter-push: 30 sukses, 0 gagal, 0 duplikat
2026-10-03T03:49:09: Page 32 baris 1: KANEISHIA ANINDYA KISHA
2026-10-03T03:49:09: Page 32 baris 2: M. CHAESAR TANJUNG WINATA
2026-10-03T03:49:09: Page 32 baris 3: M. FADHIL PURWANTO
2026-10-03T03:49:09: Page 32 baris 4: M. KHOIRUL UMAM
2026-10-03T03:49:09: Page 32 baris 5: MAHARIZA WAHID RAHMASYI
2026-10-03T03:49:09: Page 32 baris 6: MISEL JUITA
2026-10-03T03:49:09: Page 32 baris 7: MOH. KHOIRRULL WAFA
2026-10-03T03:49:09: Page 32 baris 8: MOH. RIFKY PAHLEVI
2026-10-03T03:49:09: Page 32 baris 9: MUHAMAD RASYA AL HABSYI
2026-10-03T03:49:09: Page 32 baris 10: MUHAMMAD AL-FIRDAUS
2026-10-03T03:49:09: Page 32 baris 11: MUHAMMAD ALFATH AR-ROZAK
2026-10-03T03:49:09: Page 32 baris 12: NABIL ATHOULLAH HIJRIYANSYAH
2026-10-03T03:49:09: Page 32 baris 13: RAHMA PUZAMA
2026-10-03T03:49:09: Page 32 baris 14: SITI AULIA RAHAYU
2026-10-03T03:49:09: Page 32 baris 15: SITI AULITA RAHAYU
2026-10-03T03:49:09: Page 32 baris 16: SITI EUIS MALHAMAH
2026-10-03T03:49:09: Page 32 baris 17: SITI SABILLA AL-ZIQRI
2026-10-03T03:49:09: Page 32 baris 18: SYISYA MAULIDA KHODIJAH
2026-10-03T03:49:09: Page 32 baris 19: TIAS TRI AULIA
2026-10-03T03:49:09: Page 32 baris 20: ABDUL KARIM
2026-10-03T03:49:09: Page 32 baris 21: ABIAN IBRAHIM HERMAWAN
2026-10-03T03:49:09: Page 32 baris 22: ADELIA NAUVA RIANTI
2026-10-03T03:49:09: Page 32 baris 23: AHMAD MUHAR PUTRANTO
2026-10-03T03:49:09: Page 32 baris 24: AUFA NUR FALAHATI
2026-10-03T03:49:09: Page 32 baris 25: CALLYSTA NYDIA PUTRI ANDREANA
2026-10-03T03:49:09: Page 32 baris 26: DEFRAND ALVAROS
2026-10-03T03:49:09: Page 32 baris 27: DESIFA SEPTIYANI
2026-10-03T03:49:09: Page 32 baris 28: ERIN
2026-10-03T03:49:09: Page 32 baris 29: FAIRUZ KHANZA GHIBRANT
2026-10-03T03:49:09: Page 32 baris 30: JANETA DEVA ALIMATUNNISA
2026-10-03T03:49:09: Page 32 ter-push: 30 sukses, 0 gagal, 0 duplikat
2026-10-03T03:49:09: Page 33 baris 1: KENZIE NARARYA RAMADHAN
2026-10-03T03:49:09: Page 33 baris 2: M REVIANSYAH SAID
2026-10-03T03:49:09: Page 33 baris 3: M. AZKA ARDANI UTAMA
2026-10-03T03:49:09: Page 33 baris 4: M. JIBRIL DZAKWAN AN-NOVRIAN
2026-10-03T03:49:09: Page 33 baris 5: MOHAMAD JIBRIL PRASETYO
2026-10-03T03:49:09: Page 33 baris 6: MUHAMMAD ALFATIH
2026-10-03T03:49:09: Page 33 baris 7: MUHAMMAD DAFFA AL GHIFARI
2026-10-03T03:49:09: Page 33 baris 8: MUHAMMAD JOVI BIRRU AL ISLAMEEY
2026-10-03T03:49:09: Page 33 baris 9: MUHAMMAD KHOIRUL UMMAM
2026-10-03T03:49:09: Page 33 baris 10: NAIRA HUSNA ZAAFARANI
2026-10-03T03:49:09: Page 33 baris 11: NAURA SENJA SURYAWINATA
2026-10-03T03:49:09: Page 33 baris 12: NEZA AGTA SYAHILLA
2026-10-03T03:49:09: Page 33 baris 13: NOOR AL-FAATIH ABDURRAHMAN
2026-10-03T03:49:09: Page 33 baris 14: NURUL AGNIYA
2026-10-03T03:49:09: Page 33 baris 15: RAESYA NISMALA
2026-10-03T03:49:09: Page 33 baris 16: REYFAN ADITYA
2026-10-03T03:49:09: Page 33 baris 17: RIHANATUL FAUZIAH
2026-10-03T03:49:09: Page 33 baris 18: SINTA FITRIANSYAH
2026-10-03T03:49:09: Page 33 baris 19: VHINDY APRISYA PUTRI
2026-10-03T03:49:09: Page 33 baris 20: ZAHRANA RAMADHANI
2026-10-03T03:49:09: Page 33 baris 21: ZIDAN FATHUL BIRRI
2026-10-03T03:49:09: Page 33 ter-push: 21 sukses, 0 gagal, 0 duplikat
2026-10-03T03:49:09: 
2026-10-03T03:49:09: Tidak ada NISN duplikat.
2026-10-03T03:49:09: Selesai. Data tersimpan di data_siswa_emis.xlsx
2026-10-04T20:07:06: [FATAL] auth.json tidak ditemukan dan proses berjalan non-interaktif (cron/PM2).
2026-10-04T20:07:06: [FATAL] Generate auth.json secara manual dulu di mesin dengan GUI, lalu upload ke server.
2026-10-05T01:04:29: Mendeteksi jumlah halaman total...
2026-10-05T01:04:29: [WARN] page 64 gagal (percobaan 1), retry: Page.wait_for_selector: Timeout 10000ms exceeded.
2026-10-05T01:04:29: Call log:
2026-10-05T01:04:29:   - waiting for locator("text=Aksi") to be visible
2026-10-05T01:04:29: 
2026-10-05T01:04:29: [WARN] page 64 dianggap kosong setelah 2x percobaan: Page.wait_for_selector: Timeout 10000ms exceeded.
2026-10-05T01:04:29: Call log:
2026-10-05T01:04:29:   - waiting for locator("text=Aksi") to be visible
2026-10-05T01:04:29: 
2026-10-05T01:04:29: [WARN] page 48 gagal (percobaan 1), retry: Page.wait_for_selector: Timeout 10000ms exceeded.
2026-10-05T01:04:29: Call log:
2026-10-05T01:04:29:   - waiting for locator("text=Aksi") to be visible
2026-10-05T01:04:29: 
2026-10-05T01:04:29: [WARN] page 48 dianggap kosong setelah 2x percobaan: Page.wait_for_selector: Timeout 10000ms exceeded.
2026-10-05T01:04:29: Call log:
2026-10-05T01:04:29:   - waiting for locator("text=Aksi") to be visible
2026-10-05T01:04:29: 
2026-10-05T01:04:29: [WARN] page 40 gagal (percobaan 1), retry: Page.wait_for_selector: Timeout 10000ms exceeded.
2026-10-05T01:04:29: Call log:
2026-10-05T01:04:29:   - waiting for locator("text=Aksi") to be visible
2026-10-05T01:04:29: 
2026-10-05T01:04:29: [WARN] page 40 dianggap kosong setelah 2x percobaan: Page.wait_for_selector: Timeout 10000ms exceeded.
2026-10-05T01:04:29: Call log:
2026-10-05T01:04:29:   - waiting for locator("text=Aksi") to be visible
2026-10-05T01:04:29: 
2026-10-05T01:04:29: [WARN] page 36 gagal (percobaan 1), retry: Page.wait_for_selector: Timeout 10000ms exceeded.
2026-10-05T01:04:29: Call log:
2026-10-05T01:04:29:   - waiting for locator("text=Aksi") to be visible
2026-10-05T01:04:29: 
2026-10-05T01:04:29: [WARN] page 36 dianggap kosong setelah 2x percobaan: Page.wait_for_selector: Timeout 10000ms exceeded.
2026-10-05T01:04:29: Call log:
2026-10-05T01:04:29:   - waiting for locator("text=Aksi") to be visible
2026-10-05T01:04:29: 
2026-10-05T01:04:29: [WARN] page 34 gagal (percobaan 1), retry: Page.wait_for_selector: Timeout 10000ms exceeded.
2026-10-05T01:04:29: Call log:
2026-10-05T01:04:29:   - waiting for locator("text=Aksi") to be visible
2026-10-05T01:04:29: 
2026-10-05T01:04:29: [WARN] page 34 dianggap kosong setelah 2x percobaan: Page.wait_for_selector: Timeout 10000ms exceeded.
2026-10-05T01:04:29: Call log:
2026-10-05T01:04:29:   - waiting for locator("text=Aksi") to be visible
2026-10-05T01:04:29: 
2026-10-05T01:04:29: Total halaman terdeteksi: 33
2026-10-05T01:04:29: Halaman selesai: 33/33. Page yang akan diproses (resume): []
2026-10-05T01:04:29: Tidak ada halaman yang perlu diproses.
2026-10-05T01:04:29: 
2026-10-05T01:04:29: Tidak ada NISN duplikat.
2026-10-05T01:04:29: Selesai. Data tersimpan di data_siswa_emis.xlsx
